../Core/Src/lcd.c:79:17:DWT_Delay_Init	4	static,ignoring_inline_asm
../Core/Src/lcd.c:105:22:DWT_Delay_us	24	static
../Core/Src/lcd.c:115:13:lcd_enablePulse	8	static
../Core/Src/lcd.c:126:13:lcd_rs	16	static
../Core/Src/lcd.c:134:13:lcd_write	24	static
../Core/Src/lcd.c:171:13:lcd_writeCommand	16	static
../Core/Src/lcd.c:180:13:lcd_writeData	16	static
../Core/Src/lcd.c:189:13:lcd_write4	16	static
../Core/Src/lcd.c:210:6:lcd_init_8bits	24	static
../Core/Src/lcd.c:257:6:lcd_init_4bits	24	static
../Core/Src/lcd.c:300:6:lcd_setCursor	24	static
../Core/Src/lcd.c:318:6:lcd_1stLine	8	static
../Core/Src/lcd.c:325:6:lcd_2ndLine	8	static
../Core/Src/lcd.c:333:6:lcd_twoLines	8	static
../Core/Src/lcd.c:338:6:lcd_oneLine	8	static
../Core/Src/lcd.c:347:6:lcd_cursorShow	16	static
../Core/Src/lcd.c:364:6:lcd_clear	8	static
../Core/Src/lcd.c:373:6:lcd_display	16	static
../Core/Src/lcd.c:390:6:lcd_shiftRight	24	static
../Core/Src/lcd.c:401:6:lcd_shiftLeft	24	static
../Core/Src/lcd.c:412:6:lcd_printf	48	static
