../Core/Src/main.c:52:6:map	24	static
../Core/Src/main.c:69:5:ADCConfig	24	static
../Core/Src/main.c:92:6:lcd_initial	8	static
../Core/Src/main.c:119:5:main	136	static
../Core/Src/main.c:255:6:SystemClock_Config	88	static
../Core/Src/main.c:302:13:MX_ADC1_Init	24	static
../Core/Src/main.c:354:13:MX_ADC2_Init	24	static
../Core/Src/main.c:406:13:MX_TIM1_Init	32	static
../Core/Src/main.c:452:13:MX_GPIO_Init	48	static
../Core/Src/main.c:534:6:HAL_GPIO_EXTI_Callback	16	static
../Core/Src/main.c:581:6:Error_Handler	4	static,ignoring_inline_asm
